components/chat/ChatInterface.tsx(6,18): error TS6133: 'AnimatePresence' is declared but its value is never read.
components/ControlPanel.tsx(5,18): error TS6133: 'AnimatePresence' is declared but its value is never read.
components/DashboardLayout.tsx(15,5): error TS6133: 'isLoading' is declared but its value is never read.
components/interview/InterviewWizard.tsx(28,55): error TS6133: 'isLoading' is declared but its value is never read.
components/interview/steps/DemographicsStep.tsx(2,1): error TS6133: 'motion' is declared but its value is never read.
components/interview/steps/DemographicsStep.tsx(5,10): error TS6133: 'User' is declared but its value is never read.
components/interview/steps/ReviewStep.tsx(5,1): error TS6133: 'motion' is declared but its value is never read.
components/interview/steps/StructureStep.tsx(4,23): error TS6133: 'Scale' is declared but its value is never read.
components/ResizableSplitPane.tsx(1,35): error TS6133: 'useEffect' is declared but its value is never read.
hooks/useInterviewLogic.ts(1,33): error TS6133: 'useEffect' is declared but its value is never read.
